I'm sorry, but errors were detected in your script. Please correct the
errors listed below, and try again.


File "game/script.rpy", line 12: init statement expects a non-empty block.
    init:
         ^

Ren'Py Version: Ren'Py 7.4.11.2266
Sun Apr 24 14:36:29 2022
